-----C Nov 27 12:16       9376  ca-br2.dat
-----C Nov 27 12:40       9422  ca-brcl.dat
-----C Nov 27 12:26       9286  ca-bro.dat
---A-C Mar 16 12:31       9180  ca-ccl2fcho.dat
-----C Nov 27 10:42       9236  ca-cl2.dat
-----C Nov 27 11:05       9232  ca-cl2o.dat
-----C Nov 27 11:29       9195  ca-cl2o2.dat
-----C Nov 27 10:54       9306  ca-clo.dat
-----C Nov 27 12:07       9180  ca-cnita.dat
-----C Nov 27 12:07       9180  ca-cnitb.dat
-----C Nov 27 13:30       9363  ca-co2.dat
-----C Nov 27 13:18       9372  ca-cs2.dat
-----C Nov 25 12:05       9527  ca-h2o.dat
-----C Nov 25 12:31       9518  ca-h2o2.dat
-----C Nov 27 11:34       9220  ca-hcl.dat
-----C Nov 26 21:07       9180  ca-hno3a.dat
-----C Nov 26 21:07       9180  ca-hno3b.dat
-----C Nov 25 11:56       9339  ca-ho2.dat
-----C Nov 27 11:43       9298  ca-hocl.dat
-----C Nov 26 17:08       9297  ca-n2o.dat
-----C Nov 26 17:39       9289  ca-n2o5a.dat
-----C Nov 26 17:39       9289  ca-n2o5b.dat
-----C Nov 25 12:38       9232  ca-no.dat
-----C Nov 26 16:05       9388  ca-no2.dat
-----C Nov 26 16:58       9306  ca-no3-a.dat
-----C Nov 26 16:58       9306  ca-no3-b.dat
-----C Nov 27 10:58       9228  ca-oclo.dat
-----C Nov 27 13:02       9449  ca-ocs.dat
-----C Nov 26 21:09       9180  ca-pan.dat
-----C Nov 26 21:07       9180  ca-pnaa.dat
-----C Nov 26 21:07       9180  ca-pnab.dat
